// Jest Snapshot v1, https://jestjs.io/docs/snapshot-testing

exports[`NdxStaticStack CloudFront configuration snapshot 1`] = `
{
  "Outputs": {
    "AlternateDomainName": {
      "Description": "Alternate domain name configured on CloudFront",
      "Value": "ndx.digital.cabinet-office.gov.uk",
    },
    "CertificateArn": {
      "Description": "ACM Certificate ARN (us-east-1)",
      "Value": "arn:aws:acm:us-east-1:568672915267:certificate/834f73bb-611f-4fbf-9e36-ffd6624548b6",
    },
    "CloudFrontDistributionId": {
      "Description": "CloudFront Distribution ID",
      "Value": "E3THG4UHYDHVWP",
    },
    "CookieRouterFunctionArn": {
      "Description": "ARN of CloudFront cookie router function",
      "Value": {
        "Fn::GetAtt": [
          "CookieRouterFunction6BEF430A",
          "FunctionARN",
        ],
      },
    },
    "OriginId": {
      "Description": "Origin ID added to CloudFront distribution",
      "Value": "ndx-static-prod-origin",
    },
    "ResponseHeadersPolicyId": {
      "Description": "Response Headers Policy ID with GA4 CSP",
      "Value": {
        "Ref": "NdxSecurityHeadersPolicyCBD94FF7",
      },
    },
    "SignupApiPath": {
      "Description": "Path pattern routed to signup Lambda",
      "Value": "/signup-api/*",
    },
    "SignupLambdaOacId": {
      "Description": "OAC ID for signup Lambda",
      "Value": {
        "Fn::GetAtt": [
          "SignupLambdaOac",
          "Id",
        ],
      },
    },
    "SignupLambdaOriginId": {
      "Description": "Origin ID for signup Lambda Function URL",
      "Value": "ndx-signup-lambda-origin",
    },
  },
  "Parameters": {
    "BootstrapVersion": {
      "Default": "/cdk-bootstrap/hnb659fds/version",
      "Description": "Version of the CDK Bootstrap resources in this environment, automatically retrieved from SSM Parameter Store. [cdk:skip]",
      "Type": "AWS::SSM::Parameter::Value<String>",
    },
  },
  "Resources": {
    "AddCloudFrontOrigin": {
      "DeletionPolicy": "Delete",
      "DependsOn": [
        "StaticSiteBucketPolicy54AA1C72",
        "StaticSiteBucket8958EE3F",
      ],
      "Properties": {
        "DistributionId": "E3THG4UHYDHVWP",
        "OriginAccessControlId": "E3P8MA1G9Y5BYE",
        "OriginDomainName": {
          "Fn::Join": [
            "",
            [
              "ndx-static-prod.s3.",
              {
                "Ref": "AWS::Region",
              },
              ".amazonaws.com",
            ],
          ],
        },
        "OriginId": "ndx-static-prod-origin",
        "ServiceToken": {
          "Fn::GetAtt": [
            "AddOriginProviderframeworkonEvent5094AA52",
            "Arn",
          ],
        },
      },
      "Type": "AWS::CloudFormation::CustomResource",
      "UpdateReplacePolicy": "Delete",
    },
    "AddCloudFrontOriginFunction6EFB40B5": {
      "DependsOn": [
        "AddCloudFrontOriginFunctionServiceRoleDefaultPolicy817074E5",
        "AddCloudFrontOriginFunctionServiceRole8BF8BDFD",
      ],
      "Properties": {
        "Code": {
          "S3Bucket": {
            "Fn::Sub": "cdk-hnb659fds-assets-\${AWS::AccountId}-\${AWS::Region}",
          },
          "S3Key": "5401a5527fd745cdbf30b569200917614888a0ddcd6f6e49f949dff1f4d5851d.zip",
        },
        "Description": "Custom Resource: Add origin to CloudFront distribution",
        "Handler": "index.handler",
        "Role": {
          "Fn::GetAtt": [
            "AddCloudFrontOriginFunctionServiceRole8BF8BDFD",
            "Arn",
          ],
        },
        "Runtime": "nodejs20.x",
        "Timeout": 300,
      },
      "Type": "AWS::Lambda::Function",
    },
    "AddCloudFrontOriginFunctionServiceRole8BF8BDFD": {
      "Properties": {
        "AssumeRolePolicyDocument": {
          "Statement": [
            {
              "Action": "sts:AssumeRole",
              "Effect": "Allow",
              "Principal": {
                "Service": "lambda.amazonaws.com",
              },
            },
          ],
          "Version": "2012-10-17",
        },
        "ManagedPolicyArns": [
          {
            "Fn::Join": [
              "",
              [
                "arn:",
                {
                  "Ref": "AWS::Partition",
                },
                ":iam::aws:policy/service-role/AWSLambdaBasicExecutionRole",
              ],
            ],
          },
        ],
      },
      "Type": "AWS::IAM::Role",
    },
    "AddCloudFrontOriginFunctionServiceRoleDefaultPolicy817074E5": {
      "Properties": {
        "PolicyDocument": {
          "Statement": [
            {
              "Action": [
                "cloudfront:GetDistribution",
                "cloudfront:GetDistributionConfig",
                "cloudfront:UpdateDistribution",
              ],
              "Effect": "Allow",
              "Resource": {
                "Fn::Join": [
                  "",
                  [
                    "arn:aws:cloudfront::",
                    {
                      "Ref": "AWS::AccountId",
                    },
                    ":distribution/E3THG4UHYDHVWP",
                  ],
                ],
              },
            },
          ],
          "Version": "2012-10-17",
        },
        "PolicyName": "AddCloudFrontOriginFunctionServiceRoleDefaultPolicy817074E5",
        "Roles": [
          {
            "Ref": "AddCloudFrontOriginFunctionServiceRole8BF8BDFD",
          },
        ],
      },
      "Type": "AWS::IAM::Policy",
    },
    "AddOriginProviderframeworkonEvent5094AA52": {
      "DependsOn": [
        "AddOriginProviderframeworkonEventServiceRoleDefaultPolicy218DE066",
        "AddOriginProviderframeworkonEventServiceRole058F5778",
      ],
      "Properties": {
        "Code": {
          "S3Bucket": {
            "Fn::Sub": "cdk-hnb659fds-assets-\${AWS::AccountId}-\${AWS::Region}",
          },
          "S3Key": "07a90cc3efdfc34da22208dcd9d211f06f5b0e01b21e778edc7c3966b1f61d57.zip",
        },
        "Description": "AWS CDK resource provider framework - onEvent (Ndx/AddOriginProvider)",
        "Environment": {
          "Variables": {
            "USER_ON_EVENT_FUNCTION_ARN": {
              "Fn::GetAtt": [
                "AddCloudFrontOriginFunction6EFB40B5",
                "Arn",
              ],
            },
          },
        },
        "Handler": "framework.onEvent",
        "LoggingConfig": {
          "ApplicationLogLevel": "FATAL",
          "LogFormat": "JSON",
        },
        "Role": {
          "Fn::GetAtt": [
            "AddOriginProviderframeworkonEventServiceRole058F5778",
            "Arn",
          ],
        },
        "Runtime": "nodejs22.x",
        "Timeout": 900,
      },
      "Type": "AWS::Lambda::Function",
    },
    "AddOriginProviderframeworkonEventServiceRole058F5778": {
      "Properties": {
        "AssumeRolePolicyDocument": {
          "Statement": [
            {
              "Action": "sts:AssumeRole",
              "Effect": "Allow",
              "Principal": {
                "Service": "lambda.amazonaws.com",
              },
            },
          ],
          "Version": "2012-10-17",
        },
        "ManagedPolicyArns": [
          {
            "Fn::Join": [
              "",
              [
                "arn:",
                {
                  "Ref": "AWS::Partition",
                },
                ":iam::aws:policy/service-role/AWSLambdaBasicExecutionRole",
              ],
            ],
          },
        ],
      },
      "Type": "AWS::IAM::Role",
    },
    "AddOriginProviderframeworkonEventServiceRoleDefaultPolicy218DE066": {
      "Properties": {
        "PolicyDocument": {
          "Statement": [
            {
              "Action": "lambda:InvokeFunction",
              "Effect": "Allow",
              "Resource": [
                {
                  "Fn::GetAtt": [
                    "AddCloudFrontOriginFunction6EFB40B5",
                    "Arn",
                  ],
                },
                {
                  "Fn::Join": [
                    "",
                    [
                      {
                        "Fn::GetAtt": [
                          "AddCloudFrontOriginFunction6EFB40B5",
                          "Arn",
                        ],
                      },
                      ":*",
                    ],
                  ],
                },
              ],
            },
            {
              "Action": "lambda:GetFunction",
              "Effect": "Allow",
              "Resource": {
                "Fn::GetAtt": [
                  "AddCloudFrontOriginFunction6EFB40B5",
                  "Arn",
                ],
              },
            },
          ],
          "Version": "2012-10-17",
        },
        "PolicyName": "AddOriginProviderframeworkonEventServiceRoleDefaultPolicy218DE066",
        "Roles": [
          {
            "Ref": "AddOriginProviderframeworkonEventServiceRole058F5778",
          },
        ],
      },
      "Type": "AWS::IAM::Policy",
    },
    "AddSignupCacheBehavior": {
      "DeletionPolicy": "Delete",
      "DependsOn": [
        "AddSignupLambdaOrigin",
      ],
      "Properties": {
        "CachePolicyId": "4135ea2d-6df8-44a3-9df3-4b5a84be39ad",
        "DistributionId": "E3THG4UHYDHVWP",
        "OriginRequestPolicyId": "b689b0a8-53d0-40ab-baf2-68738e2966ac",
        "PathPattern": "/signup-api/*",
        "ServiceToken": {
          "Fn::GetAtt": [
            "AddOriginProviderframeworkonEvent5094AA52",
            "Arn",
          ],
        },
        "TargetOriginId": "ndx-signup-lambda-origin",
      },
      "Type": "AWS::CloudFormation::CustomResource",
      "UpdateReplacePolicy": "Delete",
    },
    "AddSignupLambdaOrigin": {
      "DeletionPolicy": "Delete",
      "DependsOn": [
        "AddCloudFrontOrigin",
        "SignupLambdaOac",
      ],
      "Properties": {
        "DistributionId": "E3THG4UHYDHVWP",
        "OriginAccessControlId": {
          "Fn::GetAtt": [
            "SignupLambdaOac",
            "Id",
          ],
        },
        "OriginDomainName": "tytqcupxb7p2ijlcj7rvlhnzwu0nyfaj.lambda-url.us-west-2.on.aws",
        "OriginId": "ndx-signup-lambda-origin",
        "OriginType": "HTTP",
        "ServiceToken": {
          "Fn::GetAtt": [
            "AddOriginProviderframeworkonEvent5094AA52",
            "Arn",
          ],
        },
      },
      "Type": "AWS::CloudFormation::CustomResource",
      "UpdateReplacePolicy": "Delete",
    },
    "ConfigureAlternateDomainName": {
      "DeletionPolicy": "Delete",
      "DependsOn": [
        "ConfigureCacheBehavior",
      ],
      "Properties": {
        "AlternateDomainName": "ndx.digital.cabinet-office.gov.uk",
        "CertificateArn": "arn:aws:acm:us-east-1:568672915267:certificate/834f73bb-611f-4fbf-9e36-ffd6624548b6",
        "DistributionId": "E3THG4UHYDHVWP",
        "ServiceToken": {
          "Fn::GetAtt": [
            "AddOriginProviderframeworkonEvent5094AA52",
            "Arn",
          ],
        },
      },
      "Type": "AWS::CloudFormation::CustomResource",
      "UpdateReplacePolicy": "Delete",
    },
    "ConfigureCacheBehavior": {
      "DeletionPolicy": "Delete",
      "DependsOn": [
        "AddCloudFrontOrigin",
        "CookieRouterFunction6BEF430A",
        "NdxCookieRoutingPolicy99C7239B",
        "NdxSecurityHeadersPolicyCBD94FF7",
      ],
      "Properties": {
        "CachePolicyId": {
          "Ref": "NdxCookieRoutingPolicy99C7239B",
        },
        "DistributionId": "E3THG4UHYDHVWP",
        "FunctionArn": {
          "Fn::GetAtt": [
            "CookieRouterFunction6BEF430A",
            "FunctionARN",
          ],
        },
        "FunctionEventType": "viewer-request",
        "ResponseHeadersPolicyId": {
          "Ref": "NdxSecurityHeadersPolicyCBD94FF7",
        },
        "ServiceToken": {
          "Fn::GetAtt": [
            "AddOriginProviderframeworkonEvent5094AA52",
            "Arn",
          ],
        },
      },
      "Type": "AWS::CloudFormation::CustomResource",
      "UpdateReplacePolicy": "Delete",
    },
    "CookieRouterFunction6BEF430A": {
      "Properties": {
        "AutoPublish": true,
        "FunctionCode": "// CloudFront Function for NDX cookie-based origin routing
// Runtime: cloudfront-js-2.0
//
// This function inspects the NDX cookie to determine which S3 origin to use:
// - NDX=legacy: Route to default cache behavior origin (legacy S3Origin)
// - Any other value or no cookie: Route to ndx-static-prod with OAC
//
// Also handles URI rewriting for S3 compatibility:
// - Trailing slash URIs get /index.html appended
// - URIs without file extension get /index.html appended
import cf from "cloudfront"

function handler(event) {
  var request = event.request
  var cookies = request.cookies || {}
  var uri = request.uri

  // API paths have their own cache behaviors and origins
  // Use selectRequestOriginById() to ensure correct origin routing
  // This is a safety net in case this function runs for API paths unexpectedly
  if (uri.indexOf("/signup-api/") === 0) {
    // Route to signup Lambda origin
    cf.selectRequestOriginById("ndx-signup-lambda-origin")
    return request
  }
  if (uri.indexOf("/api/") === 0) {
    // Route to ISB API Gateway origin
    cf.selectRequestOriginById("InnovationSandboxComputeCloudFrontUiApiIsbCloudFrontDistributionOrigin2A994B75A")
    return request
  }

  // Check if NDX cookie exists and has value 'legacy' (opt-out of new origin)
  var ndxCookie = cookies["NDX"]

  if (ndxCookie && ndxCookie.value === "legacy") {
    // Use default cache behavior origin (old S3Origin) - no modification
    // Legacy ISB is an SPA - all non-file URLs go to /index.html
    // Use indexOf/lastIndexOf instead of split() for performance - CloudFront Functions
    // have a strict 1ms execution limit and split() operations timeout on longer URIs
    var dotPos = uri.lastIndexOf(".")
    var slashPos = uri.lastIndexOf("/")
    var queryPos = uri.indexOf("?")
    var hashPos = uri.indexOf("#")
    // Has extension if dot exists after last slash and before any query/fragment
    var hasType = dotPos > slashPos && (queryPos === -1 || dotPos < queryPos) && (hashPos === -1 || dotPos < hashPos)
    if (!hasType) {
      request.uri = "/index.html"
    }
    return request
  }

  // Handle directory-style URLs for S3 compatibility (NDX static site)
  if (uri.endsWith("/")) {
    request.uri = uri + "index.html"
  } else if (uri.indexOf(".") === -1) {
    // No file extension - treat as directory
    request.uri = uri + "/index.html"
  }

  // Default: route to ndx-static-prod with OAC authentication
  cf.updateRequestOrigin({
    domainName: "ndx-static-prod.s3.us-west-2.amazonaws.com",
  })

  return request
}
",
        "FunctionConfig": {
          "Comment": "Routes requests based on NDX cookie value",
          "Runtime": "cloudfront-js-2.0",
        },
        "Name": "ndx-cookie-router",
      },
      "Type": "AWS::CloudFront::Function",
    },
    "NdxCookieRoutingPolicy99C7239B": {
      "Properties": {
        "CachePolicyConfig": {
          "Comment": "Cache policy for NDX cookie-based routing",
          "DefaultTTL": 86400,
          "MaxTTL": 31536000,
          "MinTTL": 1,
          "Name": "NdxCookieRoutingPolicy",
          "ParametersInCacheKeyAndForwardedToOrigin": {
            "CookiesConfig": {
              "CookieBehavior": "whitelist",
              "Cookies": [
                "NDX",
              ],
            },
            "EnableAcceptEncodingBrotli": true,
            "EnableAcceptEncodingGzip": true,
            "HeadersConfig": {
              "HeaderBehavior": "none",
            },
            "QueryStringsConfig": {
              "QueryStringBehavior": "all",
            },
          },
        },
      },
      "Type": "AWS::CloudFront::CachePolicy",
    },
    "NdxSecurityHeadersPolicyCBD94FF7": {
      "Properties": {
        "ResponseHeadersPolicyConfig": {
          "Comment": "Security headers for NDX static site including GA4 CSP",
          "Name": "NdxSecurityHeadersPolicy",
          "SecurityHeadersConfig": {
            "ContentSecurityPolicy": {
              "ContentSecurityPolicy": "upgrade-insecure-requests; default-src 'none'; object-src 'none'; script-src 'self'; style-src 'self'; img-src 'self' data: https://www.google-analytics.com; font-src 'self' data:; connect-src 'self' https://www.google-analytics.com https://analytics.google.com https://region1.google-analytics.com; manifest-src 'self'; frame-ancestors 'none'; base-uri 'none'",
              "Override": true,
            },
            "ContentTypeOptions": {
              "Override": true,
            },
            "FrameOptions": {
              "FrameOption": "DENY",
              "Override": true,
            },
            "ReferrerPolicy": {
              "Override": true,
              "ReferrerPolicy": "no-referrer",
            },
            "StrictTransportSecurity": {
              "AccessControlMaxAgeSec": 46656000,
              "IncludeSubdomains": true,
              "Override": true,
            },
          },
        },
      },
      "Type": "AWS::CloudFront::ResponseHeadersPolicy",
    },
    "SignupLambdaOac": {
      "Properties": {
        "OriginAccessControlConfig": {
          "Description": "OAC for signing requests to signup Lambda Function URL",
          "Name": "ndx-signup-lambda-oac",
          "OriginAccessControlOriginType": "lambda",
          "SigningBehavior": "always",
          "SigningProtocol": "sigv4",
        },
      },
      "Type": "AWS::CloudFront::OriginAccessControl",
    },
    "StaticSiteBucket8958EE3F": {
      "DeletionPolicy": "Retain",
      "Properties": {
        "BucketEncryption": {
          "ServerSideEncryptionConfiguration": [
            {
              "ServerSideEncryptionByDefault": {
                "SSEAlgorithm": "AES256",
              },
            },
          ],
        },
        "BucketName": "ndx-static-prod",
        "PublicAccessBlockConfiguration": {
          "BlockPublicAcls": true,
          "BlockPublicPolicy": true,
          "IgnorePublicAcls": true,
          "RestrictPublicBuckets": true,
        },
        "Tags": [
          {
            "Key": "environment",
            "Value": "prod",
          },
          {
            "Key": "managedby",
            "Value": "cdk",
          },
          {
            "Key": "project",
            "Value": "ndx",
          },
        ],
        "VersioningConfiguration": {
          "Status": "Enabled",
        },
      },
      "Type": "AWS::S3::Bucket",
      "UpdateReplacePolicy": "Retain",
    },
    "StaticSiteBucketPolicy54AA1C72": {
      "Properties": {
        "Bucket": {
          "Ref": "StaticSiteBucket8958EE3F",
        },
        "PolicyDocument": {
          "Statement": [
            {
              "Action": "s3:GetObject",
              "Condition": {
                "StringEquals": {
                  "AWS:SourceArn": {
                    "Fn::Join": [
                      "",
                      [
                        "arn:aws:cloudfront::",
                        {
                          "Ref": "AWS::AccountId",
                        },
                        ":distribution/E3THG4UHYDHVWP",
                      ],
                    ],
                  },
                },
              },
              "Effect": "Allow",
              "Principal": {
                "Service": "cloudfront.amazonaws.com",
              },
              "Resource": {
                "Fn::Join": [
                  "",
                  [
                    {
                      "Fn::GetAtt": [
                        "StaticSiteBucket8958EE3F",
                        "Arn",
                      ],
                    },
                    "/*",
                  ],
                ],
              },
              "Sid": "AllowCloudFrontServicePrincipal",
            },
          ],
          "Version": "2012-10-17",
        },
      },
      "Type": "AWS::S3::BucketPolicy",
    },
  },
  "Rules": {
    "CheckBootstrapVersion": {
      "Assertions": [
        {
          "Assert": {
            "Fn::Not": [
              {
                "Fn::Contains": [
                  [
                    "1",
                    "2",
                    "3",
                    "4",
                    "5",
                  ],
                  {
                    "Ref": "BootstrapVersion",
                  },
                ],
              },
            ],
          },
          "AssertDescription": "CDK bootstrap stack version 6 required. Please run 'cdk bootstrap' with a recent version of the CDK CLI.",
        },
      ],
    },
  },
}
`;
